// Jest Snapshot v1, https://goo.gl/fbAQLP

exports[`TemplateD renders correctly 1`] = `
<React.Fragment>
  <ForwardRef
    noGutters={false}
  >
    <ForwardRef
      className="py-md-5 py-2"
      md={6}
    >
      <UNDEFINED
        owner="1"
      />
    </ForwardRef>
    <ForwardRef
      className="py-md-5 py-2"
      md={6}
    >
      <UNDEFINED
        category="3"
        mdCols="cols-md-6"
      />
    </ForwardRef>
  </ForwardRef>
  <ForwardRef
    className="px-3 pt-3"
    noGutters={false}
  >
    <Unknown
      title=""
      topBorder="darkTurquoise"
    >
      <div
        dangerouslySetInnerHTML={
          Object {
            "__html": "<p>Lorem ipsum dolor sit amet, consectetur adipiscing elit. Praesent vitae odio vehicula nisl lacinia luctus non et libero. Quisque leo tortor, lacinia et porttitor vel, dignissim at sapien.</p>",
          }
        }
      />
    </Unknown>
  </ForwardRef>
</React.Fragment>
`;
