// Jest Snapshot v1, https://goo.gl/fbAQLP

exports[`Catalog for search result renders correctly with props 1`] = `
<Router
  history={
    Object {
      "action": "POP",
      "block": [Function],
      "canGo": [Function],
      "createHref": [Function],
      "entries": Array [
        Object {
          "hash": "",
          "pathname": "/",
          "search": "",
          "state": undefined,
        },
      ],
      "go": [Function],
      "goBack": [Function],
      "goForward": [Function],
      "index": 0,
      "length": 1,
      "listen": [Function],
      "location": Object {
        "hash": "",
        "pathname": "/",
        "search": "",
        "state": undefined,
      },
      "push": [Function],
      "replace": [Function],
    }
  }
>
  <Unknown
    catalog={
      Object {
        "body": "test body",
        "name": "Presidio Service Request",
        "sysId": "Woodland Hills, CA 91367",
        "title": "catalog",
        "type": "catalog",
      }
    }
  />
</Router>
`;
